2026-10-03 20:08:35,115 | Part 3 run/session started
2026-10-03 20:08:35,117 | Run mode=full
2026-10-03 20:08:35,118 | Python=3.12.3 | PyTorch=2.14.1+cu130 | Device=cuda
2026-10-03 20:08:35,119 | GPU=NVIDIA GeForce RTX 4090
2026-10-03 20:20:59,910 | epoch=1/30 | G=7.0790 | GAN=0.8524 | cycle=4.2544 | id=1.9722 | D_A=0.2388 | D_B=0.2398
2026-10-03 20:21:00,101 | epoch_time=12.2 min | estimated_remaining=5.87 h | estimated_total=6.08 h
2026-10-03 20:33:03,943 | epoch=2/30 | G=5.4641 | GAN=0.8463 | cycle=3.1512 | id=1.4666 | D_A=0.2137 | D_B=0.2158
2026-10-03 20:33:04,205 | epoch_time=12.1 min | estimated_remaining=5.65 h | estimated_total=6.05 h
2026-10-03 20:45:06,951 | epoch=3/30 | G=4.9525 | GAN=0.8632 | cycle=2.7850 | id=1.3043 | D_A=0.2039 | D_B=0.2029
2026-10-03 20:45:07,220 | epoch_time=12.0 min | estimated_remaining=5.44 h | estimated_total=6.04 h
2026-10-03 20:57:19,831 | epoch=4/30 | G=4.7349 | GAN=0.9026 | cycle=2.6061 | id=1.2261 | D_A=0.1905 | D_B=0.1812
2026-10-03 20:57:20,107 | epoch_time=12.2 min | estimated_remaining=5.25 h | estimated_total=6.06 h
2026-10-03 21:09:26,898 | epoch=5/30 | G=4.5050 | GAN=0.9035 | cycle=2.4534 | id=1.1480 | D_A=0.1840 | D_B=0.1816
2026-10-03 21:09:27,319 | epoch_time=12.1 min | estimated_remaining=5.05 h | estimated_total=6.06 h
2026-10-03 21:21:09,655 | epoch=6/30 | G=4.2453 | GAN=0.8548 | cycle=2.3128 | id=1.0777 | D_A=0.1887 | D_B=0.1914
2026-10-03 21:21:09,942 | epoch_time=11.7 min | estimated_remaining=4.82 h | estimated_total=6.02 h
2026-10-03 21:33:13,454 | epoch=7/30 | G=4.1050 | GAN=0.8593 | cycle=2.2234 | id=1.0224 | D_A=0.1872 | D_B=0.1870
2026-10-03 21:33:13,732 | epoch_time=12.1 min | estimated_remaining=4.62 h | estimated_total=6.02 h
2026-10-03 21:43:32,256 | epoch=8/30 | G=3.9931 | GAN=0.8767 | cycle=2.1436 | id=0.9728 | D_A=0.1855 | D_B=0.1796
2026-10-03 21:43:32,535 | epoch_time=10.3 min | estimated_remaining=4.34 h | estimated_total=5.92 h
2026-10-03 21:52:46,160 | epoch=9/30 | G=3.9171 | GAN=0.8947 | cycle=2.0889 | id=0.9335 | D_A=0.1851 | D_B=0.1740
2026-10-03 21:52:46,441 | epoch_time=9.2 min | estimated_remaining=4.04 h | estimated_total=5.77 h
2026-10-03 22:01:49,544 | epoch=10/30 | G=3.8462 | GAN=0.9117 | cycle=2.0357 | id=0.8988 | D_A=0.1832 | D_B=0.1672
2026-10-03 22:01:49,962 | epoch_time=9.1 min | estimated_remaining=3.76 h | estimated_total=5.65 h
2026-10-03 22:11:14,164 | epoch=11/30 | G=3.7952 | GAN=0.9287 | cycle=1.9931 | id=0.8733 | D_A=0.1830 | D_B=0.1600
2026-10-03 22:11:14,433 | epoch_time=9.4 min | estimated_remaining=3.52 h | estimated_total=5.56 h
2026-10-03 22:20:38,745 | epoch=12/30 | G=3.7581 | GAN=0.9513 | cycle=1.9595 | id=0.8473 | D_A=0.1818 | D_B=0.1534
2026-10-03 22:20:39,015 | epoch_time=9.4 min | estimated_remaining=3.29 h | estimated_total=5.49 h
2026-10-03 22:30:48,788 | epoch=13/30 | G=3.7055 | GAN=0.9567 | cycle=1.9232 | id=0.8255 | D_A=0.1818 | D_B=0.1506
2026-10-03 22:30:49,064 | epoch_time=10.2 min | estimated_remaining=3.09 h | estimated_total=5.46 h
2026-10-03 22:40:15,945 | epoch=14/30 | G=3.6719 | GAN=0.9736 | cycle=1.8940 | id=0.8044 | D_A=0.1796 | D_B=0.1440
2026-10-03 22:40:16,182 | epoch_time=9.4 min | estimated_remaining=2.88 h | estimated_total=5.41 h
2026-10-03 22:50:03,923 | epoch=15/30 | G=3.6824 | GAN=1.0282 | cycle=1.8677 | id=0.7865 | D_A=0.1785 | D_B=0.1294
2026-10-03 22:50:04,329 | epoch_time=9.8 min | estimated_remaining=2.69 h | estimated_total=5.37 h
2026-10-03 22:59:15,104 | epoch=16/30 | G=3.6746 | GAN=1.0735 | cycle=1.8326 | id=0.7684 | D_A=0.1774 | D_B=0.1124
2026-10-03 22:59:15,347 | epoch_time=9.2 min | estimated_remaining=2.48 h | estimated_total=5.32 h
2026-10-03 23:09:07,184 | epoch=17/30 | G=3.6395 | GAN=1.1160 | cycle=1.7798 | id=0.7437 | D_A=0.1744 | D_B=0.0982
2026-10-03 23:09:07,444 | epoch_time=9.9 min | estimated_remaining=2.30 h | estimated_total=5.30 h
2026-10-03 23:18:39,590 | epoch=18/30 | G=3.5807 | GAN=1.1285 | cycle=1.7337 | id=0.7186 | D_A=0.1753 | D_B=0.0925
2026-10-03 23:18:39,857 | epoch_time=9.5 min | estimated_remaining=2.11 h | estimated_total=5.27 h
2026-10-03 23:28:15,974 | epoch=19/30 | G=3.4970 | GAN=1.1019 | cycle=1.6984 | id=0.6967 | D_A=0.1719 | D_B=0.0994
2026-10-03 23:28:16,240 | epoch_time=9.6 min | estimated_remaining=1.92 h | estimated_total=5.25 h
2026-10-03 23:37:39,219 | epoch=20/30 | G=3.4340 | GAN=1.0947 | cycle=1.6619 | id=0.6773 | D_A=0.1700 | D_B=0.1033
2026-10-03 23:37:39,620 | epoch_time=9.4 min | estimated_remaining=1.74 h | estimated_total=5.22 h
2026-10-03 23:46:57,782 | epoch=21/30 | G=3.3754 | GAN=1.1031 | cycle=1.6197 | id=0.6526 | D_A=0.1669 | D_B=0.0993
2026-10-03 23:46:58,072 | epoch_time=9.3 min | estimated_remaining=1.56 h | estimated_total=5.19 h
2026-10-03 23:56:48,897 | epoch=22/30 | G=3.3431 | GAN=1.1241 | cycle=1.5874 | id=0.6316 | D_A=0.1662 | D_B=0.0940
2026-10-03 23:56:49,170 | epoch_time=9.8 min | estimated_remaining=1.38 h | estimated_total=5.18 h
2026-10-04 00:06:28,527 | epoch=23/30 | G=3.2971 | GAN=1.1338 | cycle=1.5498 | id=0.6135 | D_A=0.1642 | D_B=0.0895
2026-10-04 00:06:28,775 | epoch_time=9.7 min | estimated_remaining=1.20 h | estimated_total=5.16 h
2026-10-04 00:16:26,763 | epoch=24/30 | G=3.2735 | GAN=1.1532 | cycle=1.5238 | id=0.5965 | D_A=0.1626 | D_B=0.0853
2026-10-04 00:16:27,049 | epoch_time=10.0 min | estimated_remaining=1.03 h | estimated_total=5.16 h
2026-10-04 00:25:44,416 | epoch=25/30 | G=3.2429 | GAN=1.1717 | cycle=1.4906 | id=0.5806 | D_A=0.1620 | D_B=0.0824
2026-10-04 00:25:44,717 | epoch_time=9.3 min | estimated_remaining=0.86 h | estimated_total=5.14 h
2026-10-04 00:35:15,614 | epoch=26/30 | G=3.2065 | GAN=1.1881 | cycle=1.4543 | id=0.5642 | D_A=0.1614 | D_B=0.0780
2026-10-04 00:35:15,894 | epoch_time=9.5 min | estimated_remaining=0.68 h | estimated_total=5.12 h
2026-10-04 00:44:44,470 | epoch=27/30 | G=3.1848 | GAN=1.2140 | cycle=1.4224 | id=0.5483 | D_A=0.1601 | D_B=0.0742
2026-10-04 00:44:44,751 | epoch_time=9.5 min | estimated_remaining=0.51 h | estimated_total=5.11 h
2026-10-04 00:54:25,257 | epoch=28/30 | G=3.1509 | GAN=1.2298 | cycle=1.3885 | id=0.5326 | D_A=0.1593 | D_B=0.0705
2026-10-04 00:54:25,498 | epoch_time=9.7 min | estimated_remaining=0.34 h | estimated_total=5.10 h
2026-10-04 01:03:34,328 | epoch=29/30 | G=3.1326 | GAN=1.2521 | cycle=1.3595 | id=0.5210 | D_A=0.1578 | D_B=0.0679
2026-10-04 01:03:34,581 | epoch_time=9.1 min | estimated_remaining=0.17 h | estimated_total=5.08 h
2026-10-04 01:12:59,489 | epoch=30/30 | G=3.1091 | GAN=1.2665 | cycle=1.3305 | id=0.5121 | D_A=0.1562 | D_B=0.0647
2026-10-04 01:12:59,903 | epoch_time=9.4 min | estimated_remaining=0.00 h | estimated_total=5.07 h
